python : ERROR: US24: INVALID DATE: TEST
At line:1 char:1
+ python .\src\Project3.py .\data\SmithFamilyErrors_Final.ged > .\outpu ...
+ ~~~~~~~~~~~~~~~~~~~~~~~~~~~~~~~~~~~~~~~~~~~~~~~~~~~~~~~~~~~~~~~~~~~~~
    + CategoryInfo          : NotSpecified: (ERROR: US24: INVALID DATE: TEST:String) [], RemoteEx 
   ception
    + FullyQualifiedErrorId : NativeCommandError
 
ERROR: US24: INVALID DATE: TEST
ERROR: FAMILY: US22: @F11@: already exists
ERROR: INDIVIDUAL: US07: @I2@: More than 150 years old - Birth 1800-06-10
ERROR: INDIVIDUAL: US03: @I5@: Died 1989-05-31 before born 1990-05-09
ERROR: INDIVIDUAL: US01: @I23@: Birthday 2120-05-07 occurs in the future
ERROR: INDIVIDUAL: US01: @I24@: Birthday 2109-09-09 occurs in the future
ERROR: INDIVIDUAL: US01: @I25@: Birthday 2110-11-05 occurs in the future
ERROR: FAMILY: US11: @F1@: Mother is 149 years older than her child.
ERROR: FAMILY: US11: @F1@: Mother is 156 years older than her child.
ERROR: FAMILY: US12: @F1@: Father is 220 years older than his child.
ERROR: FAMILY: US11: @F1@: Mother is 320 years older than her child.
ERROR: FAMILY: US11: @F1@: Mother is 163 years older than her child.
ERROR: FAMILY: US13: @F1@: Children's bdays are less than 8 months and are not twins @I3@: 
1948-11-14 @I9@: 1956-03-04
ERROR: FAMILY: US13: @F1@: Children's bdays are less than 8 months and are not twins @I3@: 
1948-11-14 @I37@: 1963-07-09
ERROR: FAMILY: US13: @F1@: Children's bdays are less than 8 months and are not twins @I3@: 
1948-11-14 @I23@: 2120-05-07
ERROR: FAMILY: US13: @F1@: Children's bdays are less than 8 months and are not twins @I9@: 
1956-03-04 @I37@: 1963-07-09
ERROR: FAMILY: US13: @F1@: Children's bdays are less than 8 months and are not twins @I9@: 
1956-03-04 @I23@: 2120-05-07
ANOMALY: FAMILY US16: @F1@: Male lastnames don't match!
ANOMALY: FAMILY US21: @F1@: Husband's gender is not M
ANOMALY: FAMILY US21: @F1@: Wife's gender is not F
ANOMALY: FAMILY US19: @F1@: Cannot marry between first cousins: @I11@, @I7@
ANOMALY: FAMILY US20: @F1@: An aunt or uncle should not marry their niece or nephiew: @I37@, @I12@
ANOMALY: FAMILY US20: @F1@: An aunt or uncle should not marry their niece or nephiew: @I37@, @I12@
ANOMALY: FAMILY US20: @F1@: An aunt or uncle should not marry their niece or nephiew: @I37@, @I12@
ERROR: FAMILY: US02: @F2@: Wife's birth date 1996-11-08 after marriage date 1992-03-03
ERROR: FAMILY: US10: @F2@: Under 14 at time of marriage - Birth 1996-11-08: Marriage 1992-03-03
ERROR: FAMILY: US13: @F2@: Children's bdays are less than 8 months and are not twins @I26@: 
1900-01-01 @I21@: 1982-03-05
ERROR: FAMILY: US13: @F2@: Children's bdays are less than 8 months and are not twins @I26@: 
1900-01-01 @I20@: 2000-02-09
ERROR: FAMILY: US13: @F2@: Children's bdays are less than 8 months and are not twins @I27@: 
1900-01-01 @I21@: 1982-03-05
ERROR: FAMILY: US13: @F2@: Children's bdays are less than 8 months and are not twins @I27@: 
1900-01-01 @I20@: 2000-02-09
ERROR: FAMILY: US13: @F2@: Children's bdays are less than 8 months and are not twins @I28@: 
1900-01-01 @I21@: 1982-03-05
ERROR: FAMILY: US13: @F2@: Children's bdays are less than 8 months and are not twins @I28@: 
1900-01-01 @I20@: 2000-02-09
ERROR: FAMILY: US13: @F2@: Children's bdays are less than 8 months and are not twins @I29@: 
1900-01-01 @I21@: 1982-03-05
ERROR: FAMILY: US13: @F2@: Children's bdays are less than 8 months and are not twins @I29@: 
1900-01-01 @I20@: 2000-02-09
ERROR: FAMILY: US13: @F2@: Children's bdays are less than 8 months and are not twins @I30@: 
1900-01-01 @I21@: 1982-03-05
ERROR: FAMILY: US13: @F2@: Children's bdays are less than 8 months and are not twins @I30@: 
1900-01-01 @I20@: 2000-02-09
ERROR: FAMILY: US14: @F2@: More than 5 children born on: 1900-01-01
ERROR: FAMILY: US13: @F2@: Children's bdays are less than 8 months and are not twins @I31@: 
1900-01-01 @I21@: 1982-03-05
ERROR: FAMILY: US13: @F2@: Children's bdays are less than 8 months and are not twins @I31@: 
1900-01-01 @I20@: 2000-02-09
ERROR: FAMILY: US13: @F2@: Children's bdays are less than 8 months and are not twins @I32@: 
1900-01-01 @I21@: 1982-03-05
ERROR: FAMILY: US13: @F2@: Children's bdays are less than 8 months and are not twins @I32@: 
1900-01-01 @I20@: 2000-02-09
ERROR: FAMILY: US13: @F2@: Children's bdays are less than 8 months and are not twins @I21@: 
1982-03-05 @I18@: 1995-05-01
ERROR: FAMILY: US13: @F2@: Children's bdays are less than 8 months and a
re not twins @I13@: 1995-02-02 @I18@: 1995-05-01
ERROR: FAMILY: US13: @F2@: Children's bdays are less than 8 months and are not twins @I17@: 
1995-02-02 @I18@: 1995-05-01
ERROR: FAMILY: US14: @F2@: More than 5 children born on: 1995-02-01
ANOMALY: FAMILY US08: @F2@: Child @I21@ born 1982-03-05 before marriage on 1992-03-03
ANOMALY: FAMILY US08: @F2@: Child @I26@ born 1900-01-01 before marriage on 1992-03-03
ANOMALY: FAMILY US08: @F2@: Child @I27@ born 1900-01-01 before marriage on 1992-03-03
ANOMALY: FAMILY US08: @F2@: Child @I28@ born 1900-01-01 before marriage on 1992-03-03
ANOMALY: FAMILY US08: @F2@: Child @I29@ born 1900-01-01 before marriage on 1992-03-03
ANOMALY: FAMILY US08: @F2@: Child @I30@ born 1900-01-01 before marriage on 1992-03-03
ANOMALY: FAMILY US08: @F2@: Child @I31@ born 1900-01-01 before marriage on 1992-03-03
ANOMALY: FAMILY US08: @F2@: Child @I32@ born 1900-01-01 before marriage on 1992-03-03
ANOMALY: FAMILY US15: @F2@: Siblings not fewer then 15
ERROR: FAMILY: US01: @F3@: Marriage date 2019-11-20 occurs in the future
ERROR: FAMILY: US05: @F3@: Married 2019-11-20 after wife's (@I5@) death on 1989-05-31
ERROR: FAMILY: US09: @F3@: Child @I6@ born on 1990-04-05 after mother's death on 1989-05-31
ERROR: FAMILY: US06: @F3@: Divorced 1992-04-10 after wife's (@I5@) death on 1989-05-31
ERROR: FAMILY: US04: @F3@: Divorced 1992-04-10 before married 2019-11-20
ERROR: FAMILY: US06: @F3@: Divorced 1992-04-10 after wife's (@I5@) death on 1989-05-31
ERROR: FAMILY: US04: @F3@: Divorced 1992-04-10 before married 2019-11-20
ERROR: FAMILY: US13: @F3@: Children's bdays are less than 8 months and are not twins @I22@: 
1980-03-02 @I6@: 1990-04-05
ANOMALY: FAMILY US08: @F3@: Child @I6@ born 1990-04-05 before marriage on 2019-11-20
ANOMALY: FAMILY US08: @F3@: Child @I7@ born 1985-04-01 before marriage on 2019-11-20
ANOMALY: FAMILY US08: @F3@: Child @I22@ born 1980-03-02 before marriage on 2019-11-20
ANOMALY: FAMILY US08: @F3@: Child @I6@ born 1990-04-05 before marriage on 2019-11-20
ANOMALY: FAMILY US08: @F3@: Child @I7@ born 1985-04-01 before marriage on 2019-11-20
ANOMALY: FAMILY US08: @F3@: Child @I22@ born 1980-03-02 before marriage on 2019-11-20
ERROR: FAMILY: US13: @F4@: Children's bdays are less than 8 months and are not twins @I22@: 
1980-03-02 @I6@: 1990-04-05
ANOMALY: FAMILY US08: @F4@: Child @I6@ born 1990-04-05 before marriage on 2015-06-07
ANOMALY: FAMILY US08: @F4@: Child @I22@ born 1980-03-02 before marriage on 2015-06-07
ERROR: FAMILY: US04: @F5@: Divorced 1980-02-13 before married 1981-02-14
ERROR: FAMILY: US04: @F5@: Divorced 1980-02-13 before married 1981-02-14
ERROR: FAMILY: US13: @F5@: Children's bdays are less than 8 months and are not twins @I11@: 
1981-01-01 @I19@: 1982-03-07
ANOMALY: FAMILY US08: @F5@: Child @I11@ born 1981-01-01 before marriage on 1981-02-14
ANOMALY: FAMILY US08: @F5@: Child @I11@ born 1981-01-01 before marriage on 1981-02-14
ANOMALY: FAMILY US18: @F5@: Spouse cannot be your brother
ERROR: FAMILY: US13: @F6@: Children's bdays are less than 8 months and are not twins @I11@: 
1981-01-01 @I19@: 1982-03-07
ANOMALY: FAMILY US08: @F6@: Child @I11@ born 1981-01-01 before marriage on 2002-05-08
ANOMALY: FAMILY US08: @F6@: Child @I19@ born 1982-03-07 before marriage on 2002-05-08
ANOMALY: FAMILY US18: @F6@: Spouse cannot be your brother
ERROR: FAMILY: US10: @F7@: Under 14 at time of marriage - Birth 1995-02-01: Marriage 1996-04-02
ERROR: FAMILY: US13: @F7@: Children's bdays are less than 8 months and are not twins @I11@: 
1981-01-01 @I19@: 1982-03-07
ANOMALY: FAMILY US08: @F7@: Child @I11@ born 1981-01-01 before marriage on 1996-04-02
ANOMALY: FAMILY US08: @F7@: Child @I12@ born 1982-03-01 before marriage on 1996-04-02
ANOMALY: FAMILY US08: @F7@: Child @I19@ born 1982-03-07 before marriage on 1996-04-02
ANOMALY: FAMILY US16: @F7@: Male lastnames don't match!
ANOMALY: FAMILY US16: @F7@: Male lastnames don't match!
ANOMALY: FAMILY US18: @F7@: Spouse cannot be your brother
ANOMALY: FAMILY US18: @F7@: Spouse cannot be your sister

ERROR: FAMILY: US01: @F8@: Marriage date 2165-06-06 occurs in the future
ERROR: FAMILY: US13: @F8@: Children's bdays are less than 8 months and are not twins @I11@: 
1981-01-01 @I19@: 1982-03-07
ERROR: FAMILY: US12: @F8@: Person @I23@ cannot have another marriage without getting the first 
one divorced.
ANOMALY: FAMILY US08: @F8@: Child @I11@ born 1981-01-01 before marriage on 2165-06-06
ANOMALY: FAMILY US08: @F8@: Child @I12@ born 1982-03-01 before marriage on 2165-06-06
ANOMALY: FAMILY US08: @F8@: Child @I19@ born 1982-03-07 before marriage on 2165-06-06
ANOMALY: FAMILY US16: @F8@: Male lastnames don't match!
ANOMALY: FAMILY US16: @F8@: Male lastnames don't match!
ANOMALY: FAMILY US18: @F8@: Spouse cannot be your brother
ANOMALY: FAMILY US18: @F8@: Spouse cannot be your sister
ERROR: FAMILY: US01: @F9@: Marriage date 2160-07-10 occurs in the future
ERROR: FAMILY: US13: @F9@: Children's bdays are less than 8 months and are not twins @I11@: 
1981-01-01 @I19@: 1982-03-07
ERROR: FAMILY: US12: @F9@: Person @I23@ cannot have another marriage without getting the first 
one divorced.
ANOMALY: FAMILY US08: @F9@: Child @I11@ born 1981-01-01 before marriage on 2160-07-10
ANOMALY: FAMILY US08: @F9@: Child @I12@ born 1982-03-01 before marriage on 2160-07-10
ANOMALY: FAMILY US08: @F9@: Child @I19@ born 1982-03-07 before marriage on 2160-07-10
ANOMALY: FAMILY US16: @F9@: Male lastnames don't match!
ANOMALY: FAMILY US16: @F9@: Male lastnames don't match!
ANOMALY: FAMILY US18: @F9@: Spouse cannot be your brother
ANOMALY: FAMILY US18: @F9@: Spouse cannot be your sister
ANOMALY: FAMILY US08: @F10@: Child @I35@ born 1900-01-01 before marriage on 1980-02-06
ANOMALY: FAMILY US08: @F10@: Child @I36@ born 1900-01-01 before marriage on 1980-02-06

